Testing SRV connection...
node : SRV FAILED: 
querySrv ECONNREFUSED 
_mongodb._tcp.cluster0
.ebfqktr.mongodb.net
At line:1 char:1
+ node 
test_mongo_ipv4.js > 
test_output.txt 2>&1
+ ~~~~~~~~~~~~~~~~~~~~
~~~~~~~~~~~~~~~~~~~~~~
~~~~
    + CategoryInfo    
          : NotSpeci  
  fied: (SRV FAILED   
 : que...ktr.mongo    
db.net:String) []    
, RemoteException
    + FullyQualifiedE 
   rrorId : NativeCo  
  mmandError
 
Testing Direct connection...
DIRECT FAILED: Could 
not connect to any 
servers in your 
MongoDB Atlas 
cluster. One common 
reason is that you're 
trying to access the 
database from an IP 
that isn't 
whitelisted. Make 
sure your current IP 
address is on your 
Atlas cluster's IP 
whitelist: https://www
.mongodb.com/docs/atla
s/security-whitelist/
